[debug] [2026-09-29T07:16:02.388Z] ----------------------------------------------------------------------
[debug] [2026-09-29T07:16:02.392Z] Command:       /usr/local/bin/node /usr/local/bin/firebase projects:list
[debug] [2026-09-29T07:16:02.392Z] CLI Version:   15.18.0
[debug] [2026-09-29T07:16:02.392Z] Platform:      darwin
[debug] [2026-09-29T07:16:02.392Z] Node Version:  v24.15.0
[debug] [2026-09-29T07:16:02.392Z] Time:          Tue Sep 29 2026 13:01:02 GMT+0545 (Nepal Time)
[debug] [2026-09-29T07:16:02.392Z] ----------------------------------------------------------------------
[debug] 
[debug] [2026-09-29T07:16:02.392Z] >>> [apiv2][query] GET https://firebase-public.firebaseio.com/cli.json [none]
[debug] [2026-09-29T07:16:02.404Z] > command requires scopes: ["email","openid","https://www.googleapis.com/auth/cloudplatformprojects.readonly","https://www.googleapis.com/auth/firebase","https://www.googleapis.com/auth/cloud-platform"]
[debug] [2026-09-29T07:16:02.404Z] > authorizing via signed-in user (sangealawati@gmail.com)
[debug] [2026-09-29T07:16:02.404Z] Checked if tokens are valid: false, expires at: 1790054336275
[debug] [2026-09-29T07:16:02.405Z] Checked if tokens are valid: false, expires at: 1790054336275
[debug] [2026-09-29T07:16:02.405Z] > refreshing access token with scopes: []
[debug] [2026-09-29T07:16:02.405Z] >>> [apiv2][query] POST https://www.googleapis.com/oauth2/v3/token [none]
[debug] [2026-09-29T07:16:02.405Z] >>> [apiv2][body] POST https://www.googleapis.com/oauth2/v3/token [omitted]
[debug] [2026-09-29T07:16:02.407Z] *** [apiv2] error from fetch(https://firebase-public.firebaseio.com/cli.json, {"headers":{},"method":"GET"}): FetchError: request to https://firebase-public.firebaseio.com/cli.json failed, reason: getaddrinfo ENOTFOUND firebase-public.firebaseio.com
[warn] ⚠  Unable to fetch the CLI MOTD and remote config. This is not a fatal error, but may indicate an issue with your network connection. 
[debug] [2026-09-29T07:16:02.407Z] Failed to fetch MOTD FirebaseError: Failed to make request to https://firebase-public.firebaseio.com/cli.json
[debug] [2026-09-29T07:16:02.407Z] *** [apiv2] error from fetch(https://www.googleapis.com/oauth2/v3/token, {"headers":{},"method":"POST","body":{"_overheadLength":545,"_valueLength":212,"_valuesToMeasure":[],"writable":false,"readable":true,"dataSize":0,"maxDataSize":2097152,"pauseStreams":true,"_released":true,"_streams":[],"_currentStream":null,"_insideLoop":false,"_pendingNext":false,"_boundary":"--------------------------0b947ca6439915967cddb65f","_events":{},"_eventsCount":1}}): FetchError: request to https://www.googleapis.com/oauth2/v3/token failed, reason: getaddrinfo ENOTFOUND www.googleapis.com
[error] Authentication Error: Your credentials are no longer valid. Please run firebase login --reauth

For CI servers and headless environments, generate a new token with firebase login:ci
[debug] [2026-09-29T07:16:02.407Z] Authentication Error: Your credentials are no longer valid. Please run firebase login --reauth

For CI servers and headless environments, generate a new token with firebase login:ci
[debug] [2026-09-29T07:16:02.409Z] FirebaseError: Authentication Error: Your credentials are no longer valid. Please run firebase login --reauth

For CI servers and headless environments, generate a new token with firebase login:ci
    at invalidCredentialError (/usr/local/lib/node_modules/firebase-tools/lib/auth.js:177:12)
    at refreshTokens (/usr/local/lib/node_modules/firebase-tools/lib/auth.js:590:15)
    at process.processTicksAndRejections (node:internal/process/task_queues:104:5)
    at async getAccessToken (/usr/local/lib/node_modules/firebase-tools/lib/apiv2.js:52:18)
    at async Client.addAuthHeader (/usr/local/lib/node_modules/firebase-tools/lib/apiv2.js:182:21)
    at async Client.request (/usr/local/lib/node_modules/firebase-tools/lib/apiv2.js:129:34)
    at async getProjectPage (/usr/local/lib/node_modules/firebase-tools/lib/management/projects.js:287:17)
    at async getFirebaseProjectPage (/usr/local/lib/node_modules/firebase-tools/lib/management/projects.js:304:23)
    at async listFirebaseProjects (/usr/local/lib/node_modules/firebase-tools/lib/management/projects.js:333:29)
    at async Command.actionFn (/usr/local/lib/node_modules/firebase-tools/lib/commands/projects-list.js:51:20)
[error] 
[error] Error: Failed to list Firebase projects. See firebase-debug.log for more info.
[debug] [2026-09-29T07:16:02.678Z] Error: EPERM: operation not permitted, open '/Users/nimeshlawati/.config/configstore/firebase-tools.json.1172613808'
    at Object.openSync (node:fs:561:18)
    at writeFile.writeFileSync [as sync] (/usr/local/lib/node_modules/firebase-tools/node_modules/write-file-atomic/index.js:205:13)
    at set all (/usr/local/lib/node_modules/firebase-tools/node_modules/configstore/index.js:61:20)
    at Configstore.set (/usr/local/lib/node_modules/firebase-tools/node_modules/configstore/index.js:91:12)
    at process.<anonymous> (/usr/local/lib/node_modules/firebase-tools/lib/bin/cli.js:62:39)
    at process.emit (node:events:521:24)
    at process.exit (node:internal/process/per_thread:236:15)
    at Timeout._onTimeout (/usr/local/lib/node_modules/firebase-tools/lib/errorOut.js:20:17)
    at listOnTimeout (node:internal/timers:605:17)
    at process.processTimers (node:internal/timers:541:7)
[error] 
[error] Error: An unexpected error has occurred.
